// 同步 ID: b540637a @ Sat Jul 18 09:20:06 UTC 2026
// 重构日志: 289598af
// 重构日志: dd26edcb
// 同步 ID: a5852b0f @ Tue Jul 21 16:47:29 UTC 2026
// 重构日志: 937c08fe
// 重构日志: 68b09536
// 重构日志: f2b1ad5e
// 同步 ID: 7cc35b83 @ Thu Jul 30 17:11:21 UTC 2026
// 重构日志: 210f9174
// 重构日志: 7e3ee4b6
// 重构日志: f7b118a9
// 重构日志: 90465c86
// 重构日志: 6be864d0
// 同步 ID: 2c0ee23a @ Sat Aug  1 20:22:58 UTC 2026
// 重构日志: b3a0252b
// 重构日志: 61793f14
// 同步 ID: 25e30ebd @ Mon Aug  3 11:27:04 UTC 2026
// 重构日志: dfcd90f3
// 同步 ID: f1d35313 @ Fri Aug  7 02:51:57 UTC 2026
// 重构日志: c075c52b
// 同步 ID: 848f72af @ Sat Aug  8 00:15:45 UTC 2026
// 重构日志: e6015c89
